// Jest Snapshot v1, https://goo.gl/fbAQLP

exports[`Filter 1`] = `
NodeList [
  <div>
    <div
      class="border-2 border-black border-solid cursor-pointer inline-block rounded mr-2 my-1 px-4 py-1 text-white bg-black hover:bg-gray-700"
    >
      2011
    </div>
    <div
      class="border-2 border-black border-solid cursor-pointer inline-block rounded mr-2 my-1 px-4 py-1 text-white bg-black hover:bg-gray-700"
    >
      2012
    </div>
    <div
      class="border-2 border-black border-solid cursor-pointer inline-block rounded mr-2 my-1 px-4 py-1 text-white bg-black hover:bg-gray-700"
    >
      2013
    </div>
    <div
      class="border-2 border-black border-solid cursor-pointer inline-block rounded mr-2 my-1 px-4 py-1 text-white bg-black hover:bg-gray-700"
    >
      2014
    </div>
    <div
      class="border-2 border-black border-solid cursor-pointer inline-block rounded mr-2 my-1 px-4 py-1 text-white bg-red-500 hover:bg-red-600"
    >
      3D
    </div>
    <div
      class="border-2 border-black border-solid cursor-pointer inline-block rounded mr-2 my-1 px-4 py-1 text-white bg-gray-500 hover:bg-gray-600"
    >
      projects.general.tags.archived
    </div>
    <div
      class="border-2 border-black border-solid cursor-pointer inline-block rounded mr-2 my-1 px-4 py-1 text-white bg-yellow-500 hover:bg-yellow-600"
    >
      C
    </div>
    <div
      class="border-2 border-black border-solid cursor-pointer inline-block rounded mr-2 my-1 px-4 py-1 text-white bg-indigo-500 hover:bg-indigo-600"
    >
      CSS
    </div>
    <div
      class="border-2 border-black border-solid cursor-pointer inline-block rounded mr-2 my-1 px-4 py-1 text-white bg-orange-500 hover:bg-orange-600"
    >
      HTML
    </div>
    <div
      class="border-2 border-black border-solid cursor-pointer inline-block rounded mr-2 my-1 px-4 py-1 text-white bg-yellow-500 hover:bg-yellow-600"
    >
      JavaScript
    </div>
    <div
      class="border-2 border-black border-solid cursor-pointer inline-block rounded mr-2 my-1 px-4 py-1 text-white bg-green-500 hover:bg-green-600"
    >
      myProjects
    </div>
    <div
      class="border-2 border-black border-solid cursor-pointer inline-block rounded mr-2 my-1 px-4 py-1 text-white bg-red-500 hover:bg-red-600"
    >
      Nintendo DS
    </div>
    <div
      class="border-2 border-black border-solid cursor-pointer inline-block rounded mr-2 my-1 px-4 py-1 text-white bg-indigo-500 hover:bg-indigo-600"
    >
      OpenGL
    </div>
    <div
      class="border-2 border-black border-solid cursor-pointer inline-block rounded mr-2 my-1 px-4 py-1 text-white bg-orange-500 hover:bg-orange-600"
    >
      PAlib
    </div>
    <div
      class="border-2 border-black border-solid cursor-pointer inline-block rounded mr-2 my-1 px-4 py-1 text-white bg-indigo-500 hover:bg-indigo-600"
    >
      PHP
    </div>
    <div
      class="border-2 border-black border-solid cursor-pointer inline-block rounded mr-2 my-1 px-4 py-1 text-white bg-blue-500 hover:bg-blue-600"
    >
      SDL
    </div>
    <div
      class="border-2 border-black border-solid cursor-pointer inline-block rounded mr-2 my-1 px-4 py-1 text-white bg-orange-500 hover:bg-orange-600"
    >
      SQL
    </div>
    <div
      class="border-2 border-black border-solid cursor-pointer inline-block rounded mr-2 my-1 px-4 py-1 text-white bg-amber-500 hover:bg-amber-600"
    >
      projects.general.tags.video game
    </div>
    <div
      class="border-2 border-black border-solid cursor-pointer inline-block rounded mr-2 my-1 px-4 py-1 text-white bg-purple-500 hover:bg-purple-600"
    >
      projects.general.tags.website
    </div>
    <div
      class="border-2 border-black border-solid cursor-pointer inline-block rounded mr-2 my-1 px-4 py-1 text-white bg-blue-500 hover:bg-blue-600"
    >
      Windows
    </div>
  </div>,
]
`;
